mode: set
github.com/kingstonduy/thesis-backend/internal/usecase/create-transaction/helper.go:15.61,18.16 2 1
github.com/kingstonduy/thesis-backend/internal/usecase/create-transaction/helper.go:18.16,21.3 1 0
github.com/kingstonduy/thesis-backend/internal/usecase/create-transaction/helper.go:24.2,24.57 1 1
github.com/kingstonduy/thesis-backend/internal/usecase/create-transaction/helper.go:28.61,31.16 2 1
github.com/kingstonduy/thesis-backend/internal/usecase/create-transaction/helper.go:31.16,33.3 1 0
github.com/kingstonduy/thesis-backend/internal/usecase/create-transaction/helper.go:35.2,35.52 1 1
github.com/kingstonduy/thesis-backend/internal/usecase/create-transaction/helper.go:38.85,44.2 4 1
github.com/kingstonduy/thesis-backend/internal/usecase/create-transaction/helper.go:46.65,48.2 1 0
github.com/kingstonduy/thesis-backend/internal/usecase/create-transaction/helper.go:50.32,51.45 1 0
github.com/kingstonduy/thesis-backend/internal/usecase/create-transaction/helper.go:51.45,53.3 1 0
github.com/kingstonduy/thesis-backend/internal/usecase/create-transaction/helper.go:55.2,55.10 1 0
github.com/kingstonduy/thesis-backend/internal/usecase/create-transaction/usecase.go:66.36,78.2 1 1
github.com/kingstonduy/thesis-backend/internal/usecase/create-transaction/usecase.go:85.136,88.15 3 1
github.com/kingstonduy/thesis-backend/internal/usecase/create-transaction/usecase.go:88.15,89.31 1 1
github.com/kingstonduy/thesis-backend/internal/usecase/create-transaction/usecase.go:89.31,91.4 1 1
github.com/kingstonduy/thesis-backend/internal/usecase/create-transaction/usecase.go:95.2,99.16 3 1
github.com/kingstonduy/thesis-backend/internal/usecase/create-transaction/usecase.go:99.16,102.3 2 0
github.com/kingstonduy/thesis-backend/internal/usecase/create-transaction/usecase.go:105.2,106.50 2 1
github.com/kingstonduy/thesis-backend/internal/usecase/create-transaction/usecase.go:106.50,109.3 2 0
github.com/kingstonduy/thesis-backend/internal/usecase/create-transaction/usecase.go:111.2,111.35 1 1
github.com/kingstonduy/thesis-backend/internal/usecase/create-transaction/usecase.go:111.35,114.17 3 1
github.com/kingstonduy/thesis-backend/internal/usecase/create-transaction/usecase.go:114.17,116.4 1 0
github.com/kingstonduy/thesis-backend/internal/usecase/create-transaction/usecase.go:117.3,117.47 1 0
github.com/kingstonduy/thesis-backend/internal/usecase/create-transaction/usecase.go:118.8,118.25 1 1
github.com/kingstonduy/thesis-backend/internal/usecase/create-transaction/usecase.go:118.25,120.3 1 0
github.com/kingstonduy/thesis-backend/internal/usecase/create-transaction/usecase.go:120.8,123.50 2 1
github.com/kingstonduy/thesis-backend/internal/usecase/create-transaction/usecase.go:123.50,131.4 3 0
github.com/kingstonduy/thesis-backend/internal/usecase/create-transaction/usecase.go:131.9,131.59 1 1
github.com/kingstonduy/thesis-backend/internal/usecase/create-transaction/usecase.go:131.59,141.4 4 0
github.com/kingstonduy/thesis-backend/internal/usecase/create-transaction/usecase.go:141.9,141.54 1 1
github.com/kingstonduy/thesis-backend/internal/usecase/create-transaction/usecase.go:141.54,145.4 3 0
github.com/kingstonduy/thesis-backend/internal/usecase/create-transaction/usecase.go:145.9,149.52 3 1
github.com/kingstonduy/thesis-backend/internal/usecase/create-transaction/usecase.go:149.52,152.5 2 0
github.com/kingstonduy/thesis-backend/internal/usecase/create-transaction/usecase.go:154.4,154.37 1 1
github.com/kingstonduy/thesis-backend/internal/usecase/create-transaction/usecase.go:154.37,158.53 3 0
github.com/kingstonduy/thesis-backend/internal/usecase/create-transaction/usecase.go:158.53,161.6 2 0
github.com/kingstonduy/thesis-backend/internal/usecase/create-transaction/usecase.go:163.5,163.38 1 0
github.com/kingstonduy/thesis-backend/internal/usecase/create-transaction/usecase.go:163.38,166.6 2 0
github.com/kingstonduy/thesis-backend/internal/usecase/create-transaction/usecase.go:166.11,166.133 1 0
github.com/kingstonduy/thesis-backend/internal/usecase/create-transaction/usecase.go:166.133,171.118 4 0
github.com/kingstonduy/thesis-backend/internal/usecase/create-transaction/usecase.go:171.118,175.7 3 0
github.com/kingstonduy/thesis-backend/internal/usecase/create-transaction/usecase.go:176.6,176.22 1 0
github.com/kingstonduy/thesis-backend/internal/usecase/create-transaction/usecase.go:177.11,177.65 1 0
github.com/kingstonduy/thesis-backend/internal/usecase/create-transaction/usecase.go:177.65,179.88 2 0
github.com/kingstonduy/thesis-backend/internal/usecase/create-transaction/usecase.go:179.88,182.7 2 0
github.com/kingstonduy/thesis-backend/internal/usecase/create-transaction/usecase.go:184.6,185.118 2 0
github.com/kingstonduy/thesis-backend/internal/usecase/create-transaction/usecase.go:185.118,188.7 2 0
github.com/kingstonduy/thesis-backend/internal/usecase/create-transaction/usecase.go:190.6,195.21 2 0
github.com/kingstonduy/thesis-backend/internal/usecase/create-transaction/usecase.go:196.11,201.118 4 0
github.com/kingstonduy/thesis-backend/internal/usecase/create-transaction/usecase.go:201.118,205.7 3 0
github.com/kingstonduy/thesis-backend/internal/usecase/create-transaction/usecase.go:206.6,206.22 1 0
github.com/kingstonduy/thesis-backend/internal/usecase/create-transaction/usecase.go:208.10,208.133 1 1
github.com/kingstonduy/thesis-backend/internal/usecase/create-transaction/usecase.go:208.133,213.117 4 1
github.com/kingstonduy/thesis-backend/internal/usecase/create-transaction/usecase.go:213.117,217.6 3 0
github.com/kingstonduy/thesis-backend/internal/usecase/create-transaction/usecase.go:218.5,218.21 1 1
github.com/kingstonduy/thesis-backend/internal/usecase/create-transaction/usecase.go:219.10,219.50 1 1
github.com/kingstonduy/thesis-backend/internal/usecase/create-transaction/usecase.go:219.50,221.78 2 1
github.com/kingstonduy/thesis-backend/internal/usecase/create-transaction/usecase.go:221.78,224.6 2 0
github.com/kingstonduy/thesis-backend/internal/usecase/create-transaction/usecase.go:226.5,227.117 2 1
github.com/kingstonduy/thesis-backend/internal/usecase/create-transaction/usecase.go:227.117,230.6 2 0
github.com/kingstonduy/thesis-backend/internal/usecase/create-transaction/usecase.go:231.5,236.20 2 1
github.com/kingstonduy/thesis-backend/internal/usecase/create-transaction/usecase.go:237.10,242.117 4 0
github.com/kingstonduy/thesis-backend/internal/usecase/create-transaction/usecase.go:242.117,246.6 3 0
github.com/kingstonduy/thesis-backend/internal/usecase/create-transaction/usecase.go:247.5,248.21 2 0
github.com/kingstonduy/thesis-backend/internal/usecase/create-transaction/usecase.go:255.190,257.28 1 0
github.com/kingstonduy/thesis-backend/internal/usecase/create-transaction/usecase.go:257.28,271.70 4 0
github.com/kingstonduy/thesis-backend/internal/usecase/create-transaction/usecase.go:271.70,275.116 3 0
github.com/kingstonduy/thesis-backend/internal/usecase/create-transaction/usecase.go:275.116,279.5 3 0
github.com/kingstonduy/thesis-backend/internal/usecase/create-transaction/usecase.go:280.4,281.20 2 0
github.com/kingstonduy/thesis-backend/internal/usecase/create-transaction/usecase.go:282.9,282.94 1 0
github.com/kingstonduy/thesis-backend/internal/usecase/create-transaction/usecase.go:282.94,286.116 3 0
github.com/kingstonduy/thesis-backend/internal/usecase/create-transaction/usecase.go:286.116,290.5 3 0
github.com/kingstonduy/thesis-backend/internal/usecase/create-transaction/usecase.go:291.4,292.20 2 0
github.com/kingstonduy/thesis-backend/internal/usecase/create-transaction/usecase.go:296.2,324.16 3 0
github.com/kingstonduy/thesis-backend/internal/usecase/create-transaction/usecase.go:324.16,327.3 2 0
github.com/kingstonduy/thesis-backend/internal/usecase/create-transaction/usecase.go:329.2,329.48 1 0
github.com/kingstonduy/thesis-backend/internal/usecase/create-transaction/usecase.go:330.52,331.110 1 0
github.com/kingstonduy/thesis-backend/internal/usecase/create-transaction/usecase.go:331.110,334.4 2 0
github.com/kingstonduy/thesis-backend/internal/usecase/create-transaction/usecase.go:335.3,339.115 5 0
github.com/kingstonduy/thesis-backend/internal/usecase/create-transaction/usecase.go:339.115,342.4 2 0
github.com/kingstonduy/thesis-backend/internal/usecase/create-transaction/usecase.go:343.3,347.9 1 0
github.com/kingstonduy/thesis-backend/internal/usecase/create-transaction/usecase.go:348.10,356.130 6 0
github.com/kingstonduy/thesis-backend/internal/usecase/create-transaction/usecase.go:356.130,358.4 1 0
github.com/kingstonduy/thesis-backend/internal/usecase/create-transaction/usecase.go:359.3,359.115 1 0
github.com/kingstonduy/thesis-backend/internal/usecase/create-transaction/usecase.go:359.115,363.4 3 0
github.com/kingstonduy/thesis-backend/internal/usecase/create-transaction/usecase.go:364.3,365.19 2 0
github.com/kingstonduy/thesis-backend/internal/usecase/create-transaction/usecase.go:370.171,394.90 5 1
github.com/kingstonduy/thesis-backend/internal/usecase/create-transaction/usecase.go:394.90,395.55 1 0
github.com/kingstonduy/thesis-backend/internal/usecase/create-transaction/usecase.go:395.55,398.4 2 0
github.com/kingstonduy/thesis-backend/internal/usecase/create-transaction/usecase.go:399.3,399.30 1 0
github.com/kingstonduy/thesis-backend/internal/usecase/create-transaction/usecase.go:399.30,401.37 2 0
github.com/kingstonduy/thesis-backend/internal/usecase/create-transaction/usecase.go:401.37,419.5 3 0
github.com/kingstonduy/thesis-backend/internal/usecase/create-transaction/usecase.go:421.4,421.69 1 0
github.com/kingstonduy/thesis-backend/internal/usecase/create-transaction/usecase.go:421.69,424.5 2 0
github.com/kingstonduy/thesis-backend/internal/usecase/create-transaction/usecase.go:427.3,427.13 1 0
github.com/kingstonduy/thesis-backend/internal/usecase/create-transaction/usecase.go:431.64,432.24 1 1
github.com/kingstonduy/thesis-backend/internal/usecase/create-transaction/usecase.go:432.24,434.17 2 1
github.com/kingstonduy/thesis-backend/internal/usecase/create-transaction/usecase.go:434.17,436.4 1 0
github.com/kingstonduy/thesis-backend/internal/usecase/create-transaction/usecase.go:438.2,438.29 1 1
github.com/kingstonduy/thesis-backend/internal/usecase/create-transaction/usecase.go:438.29,440.17 2 1
github.com/kingstonduy/thesis-backend/internal/usecase/create-transaction/usecase.go:440.17,442.4 1 0
github.com/kingstonduy/thesis-backend/internal/usecase/create-transaction/usecase.go:445.2,445.30 1 1
github.com/kingstonduy/thesis-backend/internal/usecase/create-transaction/usecase.go:445.30,447.17 2 1
github.com/kingstonduy/thesis-backend/internal/usecase/create-transaction/usecase.go:447.17,449.4 1 0
github.com/kingstonduy/thesis-backend/internal/usecase/create-transaction/usecase.go:452.2,452.29 1 1
github.com/kingstonduy/thesis-backend/internal/usecase/create-transaction/usecase.go:452.29,453.36 1 1
github.com/kingstonduy/thesis-backend/internal/usecase/create-transaction/usecase.go:453.36,454.31 1 1
github.com/kingstonduy/thesis-backend/internal/usecase/create-transaction/usecase.go:454.31,456.19 2 1
github.com/kingstonduy/thesis-backend/internal/usecase/create-transaction/usecase.go:456.19,458.6 1 0
github.com/kingstonduy/thesis-backend/internal/usecase/create-transaction/usecase.go:463.2,463.12 1 1
github.com/kingstonduy/thesis-backend/internal/usecase/create-transaction/usecase.go:467.164,504.88 5 1
github.com/kingstonduy/thesis-backend/internal/usecase/create-transaction/usecase.go:504.88,505.67 1 1
github.com/kingstonduy/thesis-backend/internal/usecase/create-transaction/usecase.go:505.67,508.4 2 0
github.com/kingstonduy/thesis-backend/internal/usecase/create-transaction/usecase.go:509.3,509.30 1 0
github.com/kingstonduy/thesis-backend/internal/usecase/create-transaction/usecase.go:509.30,510.45 1 0
github.com/kingstonduy/thesis-backend/internal/usecase/create-transaction/usecase.go:510.45,528.81 3 0
github.com/kingstonduy/thesis-backend/internal/usecase/create-transaction/usecase.go:528.81,530.6 1 0
github.com/kingstonduy/thesis-backend/internal/usecase/create-transaction/usecase.go:533.3,533.13 1 0
github.com/kingstonduy/thesis-backend/internal/usecase/create-transaction/usecase.go:534.17,536.3 1 0
github.com/kingstonduy/thesis-backend/internal/usecase/create-transaction/usecase.go:538.2,538.25 1 0
github.com/kingstonduy/thesis-backend/internal/usecase/validate-transaction/usecase.go:20.38,24.2 1 1
github.com/kingstonduy/thesis-backend/internal/usecase/validate-transaction/usecase.go:27.140,30.15 3 1
github.com/kingstonduy/thesis-backend/internal/usecase/validate-transaction/usecase.go:30.15,31.31 1 1
github.com/kingstonduy/thesis-backend/internal/usecase/validate-transaction/usecase.go:31.31,33.4 1 0
github.com/kingstonduy/thesis-backend/internal/usecase/validate-transaction/usecase.go:36.2,37.16 2 1
github.com/kingstonduy/thesis-backend/internal/usecase/validate-transaction/usecase.go:37.16,38.36 1 1
github.com/kingstonduy/thesis-backend/internal/usecase/validate-transaction/usecase.go:38.36,40.4 1 1
github.com/kingstonduy/thesis-backend/internal/usecase/validate-transaction/usecase.go:40.9,43.4 2 1
github.com/kingstonduy/thesis-backend/internal/usecase/validate-transaction/usecase.go:45.2,50.101 1 1
github.com/kingstonduy/thesis-backend/internal/usecase/revert-transaction/helper.go:15.61,18.16 2 0
github.com/kingstonduy/thesis-backend/internal/usecase/revert-transaction/helper.go:18.16,21.3 1 0
github.com/kingstonduy/thesis-backend/internal/usecase/revert-transaction/helper.go:24.2,24.57 1 0
github.com/kingstonduy/thesis-backend/internal/usecase/revert-transaction/helper.go:28.61,31.16 2 0
github.com/kingstonduy/thesis-backend/internal/usecase/revert-transaction/helper.go:31.16,33.3 1 0
github.com/kingstonduy/thesis-backend/internal/usecase/revert-transaction/helper.go:35.2,35.52 1 0
github.com/kingstonduy/thesis-backend/internal/usecase/revert-transaction/helper.go:38.85,44.2 4 1
github.com/kingstonduy/thesis-backend/internal/usecase/revert-transaction/helper.go:46.65,48.2 1 0
github.com/kingstonduy/thesis-backend/internal/usecase/revert-transaction/helper.go:50.32,51.45 1 1
github.com/kingstonduy/thesis-backend/internal/usecase/revert-transaction/helper.go:51.45,53.3 1 0
github.com/kingstonduy/thesis-backend/internal/usecase/revert-transaction/helper.go:55.2,55.10 1 1
github.com/kingstonduy/thesis-backend/internal/usecase/revert-transaction/usecase.go:73.36,85.2 1 1
github.com/kingstonduy/thesis-backend/internal/usecase/revert-transaction/usecase.go:88.136,91.15 3 1
github.com/kingstonduy/thesis-backend/internal/usecase/revert-transaction/usecase.go:91.15,92.31 1 1
github.com/kingstonduy/thesis-backend/internal/usecase/revert-transaction/usecase.go:92.31,95.4 2 1
github.com/kingstonduy/thesis-backend/internal/usecase/revert-transaction/usecase.go:98.2,103.50 4 1
github.com/kingstonduy/thesis-backend/internal/usecase/revert-transaction/usecase.go:103.50,106.3 2 0
github.com/kingstonduy/thesis-backend/internal/usecase/revert-transaction/usecase.go:108.2,108.35 1 1
github.com/kingstonduy/thesis-backend/internal/usecase/revert-transaction/usecase.go:108.35,111.17 3 1
github.com/kingstonduy/thesis-backend/internal/usecase/revert-transaction/usecase.go:111.17,114.4 2 0
github.com/kingstonduy/thesis-backend/internal/usecase/revert-transaction/usecase.go:116.3,116.47 1 1
github.com/kingstonduy/thesis-backend/internal/usecase/revert-transaction/usecase.go:117.8,117.25 1 1
github.com/kingstonduy/thesis-backend/internal/usecase/revert-transaction/usecase.go:117.25,121.3 1 0
github.com/kingstonduy/thesis-backend/internal/usecase/revert-transaction/usecase.go:121.8,124.50 2 1
github.com/kingstonduy/thesis-backend/internal/usecase/revert-transaction/usecase.go:124.50,132.4 3 0
github.com/kingstonduy/thesis-backend/internal/usecase/revert-transaction/usecase.go:132.9,132.59 1 1
github.com/kingstonduy/thesis-backend/internal/usecase/revert-transaction/usecase.go:132.59,142.4 4 0
github.com/kingstonduy/thesis-backend/internal/usecase/revert-transaction/usecase.go:142.9,142.54 1 1
github.com/kingstonduy/thesis-backend/internal/usecase/revert-transaction/usecase.go:142.54,146.4 3 0
github.com/kingstonduy/thesis-backend/internal/usecase/revert-transaction/usecase.go:146.9,151.52 4 1
github.com/kingstonduy/thesis-backend/internal/usecase/revert-transaction/usecase.go:151.52,154.5 2 0
github.com/kingstonduy/thesis-backend/internal/usecase/revert-transaction/usecase.go:156.4,156.37 1 1
github.com/kingstonduy/thesis-backend/internal/usecase/revert-transaction/usecase.go:156.37,160.53 3 1
github.com/kingstonduy/thesis-backend/internal/usecase/revert-transaction/usecase.go:160.53,163.6 2 0
github.com/kingstonduy/thesis-backend/internal/usecase/revert-transaction/usecase.go:165.5,165.38 1 1
github.com/kingstonduy/thesis-backend/internal/usecase/revert-transaction/usecase.go:165.38,168.6 2 1
github.com/kingstonduy/thesis-backend/internal/usecase/revert-transaction/usecase.go:168.11,168.133 1 0
github.com/kingstonduy/thesis-backend/internal/usecase/revert-transaction/usecase.go:168.133,173.118 4 0
github.com/kingstonduy/thesis-backend/internal/usecase/revert-transaction/usecase.go:173.118,177.7 3 0
github.com/kingstonduy/thesis-backend/internal/usecase/revert-transaction/usecase.go:178.6,178.22 1 0
github.com/kingstonduy/thesis-backend/internal/usecase/revert-transaction/usecase.go:179.11,179.66 1 0
github.com/kingstonduy/thesis-backend/internal/usecase/revert-transaction/usecase.go:179.66,181.76 2 0
github.com/kingstonduy/thesis-backend/internal/usecase/revert-transaction/usecase.go:181.76,184.7 2 0
github.com/kingstonduy/thesis-backend/internal/usecase/revert-transaction/usecase.go:186.6,187.118 2 0
github.com/kingstonduy/thesis-backend/internal/usecase/revert-transaction/usecase.go:187.118,190.7 2 0
github.com/kingstonduy/thesis-backend/internal/usecase/revert-transaction/usecase.go:191.6,196.21 2 0
github.com/kingstonduy/thesis-backend/internal/usecase/revert-transaction/usecase.go:197.11,197.65 1 0
github.com/kingstonduy/thesis-backend/internal/usecase/revert-transaction/usecase.go:197.65,200.6 2 0
github.com/kingstonduy/thesis-backend/internal/usecase/revert-transaction/usecase.go:200.11,205.118 4 0
github.com/kingstonduy/thesis-backend/internal/usecase/revert-transaction/usecase.go:205.118,209.7 3 0
github.com/kingstonduy/thesis-backend/internal/usecase/revert-transaction/usecase.go:210.6,210.22 1 0
github.com/kingstonduy/thesis-backend/internal/usecase/revert-transaction/usecase.go:213.10,213.133 1 0
github.com/kingstonduy/thesis-backend/internal/usecase/revert-transaction/usecase.go:213.133,218.117 4 0
github.com/kingstonduy/thesis-backend/internal/usecase/revert-transaction/usecase.go:218.117,222.6 3 0
github.com/kingstonduy/thesis-backend/internal/usecase/revert-transaction/usecase.go:223.5,223.21 1 0
github.com/kingstonduy/thesis-backend/internal/usecase/revert-transaction/usecase.go:224.10,224.66 1 0
github.com/kingstonduy/thesis-backend/internal/usecase/revert-transaction/usecase.go:224.66,226.75 2 0
github.com/kingstonduy/thesis-backend/internal/usecase/revert-transaction/usecase.go:226.75,229.6 2 0
github.com/kingstonduy/thesis-backend/internal/usecase/revert-transaction/usecase.go:231.5,232.117 2 0
github.com/kingstonduy/thesis-backend/internal/usecase/revert-transaction/usecase.go:232.117,235.6 2 0
github.com/kingstonduy/thesis-backend/internal/usecase/revert-transaction/usecase.go:236.5,241.20 2 0
github.com/kingstonduy/thesis-backend/internal/usecase/revert-transaction/usecase.go:242.10,242.50 1 0
github.com/kingstonduy/thesis-backend/internal/usecase/revert-transaction/usecase.go:242.50,245.5 2 0
github.com/kingstonduy/thesis-backend/internal/usecase/revert-transaction/usecase.go:245.10,250.117 4 0
github.com/kingstonduy/thesis-backend/internal/usecase/revert-transaction/usecase.go:250.117,254.6 3 0
github.com/kingstonduy/thesis-backend/internal/usecase/revert-transaction/usecase.go:255.5,256.21 2 0
github.com/kingstonduy/thesis-backend/internal/usecase/revert-transaction/usecase.go:263.190,278.16 3 1
github.com/kingstonduy/thesis-backend/internal/usecase/revert-transaction/usecase.go:278.16,281.3 2 0
github.com/kingstonduy/thesis-backend/internal/usecase/revert-transaction/usecase.go:283.2,283.48 1 1
github.com/kingstonduy/thesis-backend/internal/usecase/revert-transaction/usecase.go:284.52,285.107 1 1
github.com/kingstonduy/thesis-backend/internal/usecase/revert-transaction/usecase.go:285.107,288.4 2 0
github.com/kingstonduy/thesis-backend/internal/usecase/revert-transaction/usecase.go:289.3,293.115 5 1
github.com/kingstonduy/thesis-backend/internal/usecase/revert-transaction/usecase.go:293.115,296.4 2 0
github.com/kingstonduy/thesis-backend/internal/usecase/revert-transaction/usecase.go:297.3,301.9 1 1
github.com/kingstonduy/thesis-backend/internal/usecase/revert-transaction/usecase.go:302.10,310.130 6 1
github.com/kingstonduy/thesis-backend/internal/usecase/revert-transaction/usecase.go:310.130,312.4 1 1
github.com/kingstonduy/thesis-backend/internal/usecase/revert-transaction/usecase.go:313.3,313.115 1 1
github.com/kingstonduy/thesis-backend/internal/usecase/revert-transaction/usecase.go:313.115,317.4 3 0
github.com/kingstonduy/thesis-backend/internal/usecase/revert-transaction/usecase.go:318.3,319.19 2 1
github.com/kingstonduy/thesis-backend/internal/usecase/revert-transaction/usecase.go:324.132,330.53 2 1
github.com/kingstonduy/thesis-backend/internal/usecase/revert-transaction/usecase.go:330.53,341.76 2 0
github.com/kingstonduy/thesis-backend/internal/usecase/revert-transaction/usecase.go:341.76,343.4 1 0
github.com/kingstonduy/thesis-backend/internal/usecase/revert-transaction/usecase.go:344.3,344.13 1 0
github.com/kingstonduy/thesis-backend/internal/usecase/revert-transaction/usecase.go:345.8,347.3 1 1
github.com/kingstonduy/thesis-backend/internal/usecase/revert-transaction/usecase.go:350.164,368.66 3 1
github.com/kingstonduy/thesis-backend/internal/usecase/revert-transaction/usecase.go:368.66,371.3 2 0
github.com/kingstonduy/thesis-backend/internal/usecase/revert-transaction/usecase.go:373.2,373.25 1 1

